[dotenv@17.3.1] injecting env (0) from ..\.env -- tip: 屏・・ run anywhere with `dotenvx run -- yourcommand`
Intentando conectar a DB... undefined...
node.exe : 笶・Error de conexiﾃｳn: Error: The server does 
not support SSL connections
En C:\Program Files\nodejs\npx.ps1: 29 Carácter: 3
+   & $NODE_EXE $NPX_CLI_JS $args
+   ~~~~~~~~~~~~~~~~~~~~~~~~~~~~~
    + CategoryInfo          : NotSpecified: (笶・Error de  
   cone...SSL connections:String) [], RemoteException
    + FullyQualifiedErrorId : NativeCommandError
 
    at Socket.<anonymous> (E:\Proyectos\Micro-ERP\backend
\node_modules\.pnpm\pg@8.18.0\node_modules\pg\lib\connect
ion.js:75:37)
    at Object.onceWrapper (node:events:633:26)
    at Socket.emit (node:events:518:28)
    at Socket.emit (node:domain:489:12)
    at addChunk (node:internal/streams/readable:561:12)
    at readableAddChunkPushByteMode 
(node:internal/streams/readable:512:3)
    at Socket.Readable.push 
(node:internal/streams/readable:392:5)
    at TCP.onStreamRead 
(node:internal/stream_base_commons:189:23)
